// Jest Snapshot v1, https://goo.gl/fbAQLP

exports[`Pruebas en <AppRouter /> Debe de mostrar el login si no esta autentiado 1`] = `
<div>
  <div
    className="container text-center mt-5"
  >
    <h1>
      Click on the button to enter
    </h1>
    <hr />
    <button
      className="btn btn-outline-primary"
      onClick={[Function]}
    >
      Login
    </button>
  </div>
</div>
`;
